<?xml version="1.0" encoding="UTF-8"?>
<TestRun id="376f84fe-997e-4cb0-8f8b-433c9486bc3a" name="sc@ROSSARIN-PC 2012-10-26 11:37:25" runUser="ROSSARIN-PC\sc" xmlns="http://microsoft.com/schemas/VisualStudio/TeamTest/2010">
  <TestSettings name="Local" id="0572f25f-c57e-4c6e-9754-c1f826eec439">
    <Description>These are default test settings for a local test run.</Description>
    <Deployment enabled="false" runDeploymentRoot="sc_ROSSARIN-PC 2012-10-26 11_37_25">
      <DeploymentItem filename="C:\Users\sc\Desktop\ZZZFixed\ZicZacZappp\ZicZacZappp\bin\Debug\ZicZacZappp.exe" />
    </Deployment>
    <Execution>
      <TestTypeSpecific />
      <AgentRule name="Execution Agents">
      </AgentRule>
    </Execution>
  </TestSettings>
  <Times creation="2012-10-26T11:37:25.4909929+07:00" queuing="2012-10-26T11:37:26.5860556+07:00" start="2012-10-26T11:37:26.6440589+07:00" finish="2012-10-26T11:37:27.3250978+07:00" />
  <ResultSummary outcome="Failed">
    <Counters total="1" executed="1" error="0" failed="1" timeout="0" aborted="0" inconclusive="0" passedButRunAborted="0" notRunnable="0" notExecuted="0" disconnected="0" warning="0" passed="0" completed="0" inProgress="0" pending="0" />
  </ResultSummary>
  <TestDefinitions>
    <UnitTest name="CheckForWinTest" storage="c:\users\sc\desktop\zzzfixed\ziczaczappp\test\bin\debug\test.dll" id="2c4b7bd9-ec22-0e89-d94c-566fc71aef61">
      <Execution id="ba99fade-a5a9-4b58-8acb-5b6c0bc98adc" />
      <TestMethod codeBase="C:/Users/sc/Desktop/ZZZFixed/ZicZacZappp/Test/bin/Debug/Test.DLL" adapterTypeName="Microsoft.VisualStudio.TestTools.TestTypes.Unit.UnitTestAdapter, Microsoft.VisualStudio.QualityTools.Tips.UnitTest.Adapter, Version=10.0.0.0, Culture=neutral, PublicKeyToken=b03f5f7f11d50a3a" className="Test.Bettle4Test, Test, Version=1.0.0.0, Culture=neutral, PublicKeyToken=null" name="CheckForWinTest" />
    </UnitTest>
  </TestDefinitions>
  <TestLists>
    <TestList name="Results Not in a List" id="8c84fa94-04c1-424b-9868-57a2d4851a1d" />
    <TestList name="All Loaded Results" id="19431567-8539-422a-85d7-44ee4e166bda" />
  </TestLists>
  <TestEntries>
    <TestEntry testId="2c4b7bd9-ec22-0e89-d94c-566fc71aef61" executionId="ba99fade-a5a9-4b58-8acb-5b6c0bc98adc" testListId="8c84fa94-04c1-424b-9868-57a2d4851a1d" />
  </TestEntries>
  <Results>
    <UnitTestResult executionId="ba99fade-a5a9-4b58-8acb-5b6c0bc98adc" testId="2c4b7bd9-ec22-0e89-d94c-566fc71aef61" testName="CheckForWinTest" computerName="ROSSARIN-PC" duration="00:00:00.1119684" startTime="2012-10-26T11:37:26.8260693+07:00" endTime="2012-10-26T11:37:27.2810953+07:00" testType="13cdc9d9-ddb5-4fa4-a97d-d965ccfc6d4b" outcome="Failed" testListId="8c84fa94-04c1-424b-9868-57a2d4851a1d" relativeResultsDirectory="ba99fade-a5a9-4b58-8acb-5b6c0bc98adc">
      <Output>
        <ErrorInfo>
          <Message>Test method Test.Bettle4Test.CheckForWinTest threw exception: 
System.IO.FileNotFoundException: Please be sure a sound file exists at the specified location.</Message>
          <StackTrace>    at System.Media.SoundPlayer.ValidateSoundFile(String fileName)
   at System.Media.SoundPlayer.LoadAndPlay(Int32 flags)
   at System.Media.SoundPlayer.Play()
   at ZicZacZappp.Bettle4.winnerO() in C:\Users\sc\Desktop\ZZZFixed\ZicZacZappp\ZicZacZappp\Bettle4.cs:line 76
   at ZicZacZappp.Bettle4.CheckForWin(String[] array) in C:\Users\sc\Desktop\ZZZFixed\ZicZacZappp\ZicZacZappp\Bettle4.cs:line 803
   at Test.Bettle4Test.CheckForWinTest() in C:\Users\sc\Desktop\ZZZFixed\ZicZacZappp\Test\Bettle4Test.cs:line 80
</StackTrace>
        </ErrorInfo>
      </Output>
    </UnitTestResult>
  </Results>
</TestRun>