<?xml version="1.0" encoding="UTF-8"?>
<TestRun id="a19af70b-4778-43b6-8831-3e6bdf414210" name="sc@ROSSARIN-PC 2012-10-26 11:53:25" runUser="ROSSARIN-PC\sc" xmlns="http://microsoft.com/schemas/VisualStudio/TeamTest/2010">
  <TestSettings name="Local" id="0572f25f-c57e-4c6e-9754-c1f826eec439">
    <Description>These are default test settings for a local test run.</Description>
    <Deployment enabled="false" runDeploymentRoot="sc_ROSSARIN-PC 2012-10-26 11_53_25">
      <DeploymentItem filename="C:\Users\sc\Desktop\ZZZFixed\ZicZacZappp\ZicZacZappp\bin\Debug\ZicZacZappp.exe" />
    </Deployment>
    <Execution>
      <TestTypeSpecific />
      <AgentRule name="Execution Agents">
      </AgentRule>
    </Execution>
  </TestSettings>
  <Times creation="2012-10-26T11:53:25.1028796+07:00" queuing="2012-10-26T11:53:25.9479279+07:00" start="2012-10-26T11:53:26.0639346+07:00" finish="2012-10-26T11:53:26.6679691+07:00" />
  <ResultSummary outcome="Completed">
    <Counters total="1" executed="1" passed="1" error="0" failed="0" timeout="0" aborted="0" inconclusive="0" passedButRunAborted="0" notRunnable="0" notExecuted="0" disconnected="0" warning="0" completed="0" inProgress="0" pending="0" />
  </ResultSummary>
  <TestDefinitions>
    <UnitTest name="CheckForWinTest3" storage="c:\users\sc\desktop\zzzfixed\ziczaczappp\test\bin\debug\test.dll" id="b84e9388-2cad-94e8-05b2-5fcbe4b1ddcd">
      <Execution id="994baaba-b8f9-434e-b196-161694d616df" />
      <TestMethod codeBase="C:/Users/sc/Desktop/ZZZFixed/ZicZacZappp/Test/bin/Debug/Test.DLL" adapterTypeName="Microsoft.VisualStudio.TestTools.TestTypes.Unit.UnitTestAdapter, Microsoft.VisualStudio.QualityTools.Tips.UnitTest.Adapter, Version=10.0.0.0, Culture=neutral, PublicKeyToken=b03f5f7f11d50a3a" className="Test.Bettle5Test, Test, Version=1.0.0.0, Culture=neutral, PublicKeyToken=null" name="CheckForWinTest3" />
    </UnitTest>
  </TestDefinitions>
  <TestLists>
    <TestList name="Results Not in a List" id="8c84fa94-04c1-424b-9868-57a2d4851a1d" />
    <TestList name="All Loaded Results" id="19431567-8539-422a-85d7-44ee4e166bda" />
  </TestLists>
  <TestEntries>
    <TestEntry testId="b84e9388-2cad-94e8-05b2-5fcbe4b1ddcd" executionId="994baaba-b8f9-434e-b196-161694d616df" testListId="8c84fa94-04c1-424b-9868-57a2d4851a1d" />
  </TestEntries>
  <Results>
    <UnitTestResult executionId="994baaba-b8f9-434e-b196-161694d616df" testId="b84e9388-2cad-94e8-05b2-5fcbe4b1ddcd" testName="CheckForWinTest3" computerName="ROSSARIN-PC" duration="00:00:00.0844999" startTime="2012-10-26T11:53:26.1639403+07:00" endTime="2012-10-26T11:53:26.6359673+07:00" testType="13cdc9d9-ddb5-4fa4-a97d-d965ccfc6d4b" outcome="Passed" testListId="8c84fa94-04c1-424b-9868-57a2d4851a1d" relativeResultsDirectory="994baaba-b8f9-434e-b196-161694d616df">
    </UnitTestResult>
  </Results>
</TestRun>